
================================================================
[2026-09-23 19:10:23] runner: full_sync
================================================================
[1/3] archive_done.py
  -> архив: K-012 Еженедельная планёрка

OK — архивировано: 1
  Активных: 44
  В архиве: 18

[2/3] push_taskboard.py
  + архив: 18 задач
Mandala: 62 задач
Notion: 62 страниц


=== Итог ===
  Обновлено Статус: 0
  Обновлено ID: 0
  Обновлено Столбец: 0
  Обновлено Дедлайн: 0
  Создано новых: 0

[3/3] git commit + push

================================================================
[2026-09-23 19:42:03] runner: full_sync
================================================================
[1/3] archive_done.py
Нет задач для архивации.

[2/3] push_taskboard.py
  + архив: 18 задач
Mandala: 63 задач
Notion: 62 страниц

  [NEW K-073] Капинг от Search Coffee (Центр)

=== Итог ===
  Обновлено Статус: 0
  Обновлено ID: 0
  Обновлено Столбец: 0
  Обновлено Дедлайн: 0
  Создано новых: 1

[3/3] git commit + push

================================================================
[2026-09-24 20:34:44] runner: full_sync
================================================================
[1/3] archive_done.py
Нет задач для архивации.

[2/3] push_taskboard.py
  + архив: 18 задач
Mandala: 64 задач
Notion: 63 страниц

  [NEW K-074] Анна: ключи + сигнализация Центра

=== Итог ===
  Обновлено Статус: 0
  Обновлено ID: 0
  Обновлено Столбец: 0
  Обновлено Дедлайн: 0
  Создано новых: 1

[3/3] git commit + push

================================================================
[2026-09-24 20:44:59] runner: full_sync
================================================================
[1/3] archive_done.py
Нет задач для архивации.

[2/3] push_taskboard.py
  + архив: 18 задач
Mandala: 65 задач
Notion: 64 страниц

  [NEW M-003] Оплата кризис-менеджера

=== Итог ===
  Обновлено Статус: 0
  Обновлено ID: 0
  Обновлено Столбец: 0
  Обновлено Дедлайн: 0
  Создано новых: 1

[3/3] git commit + push

================================================================
[2026-09-24 20:50:55] runner: full_sync
================================================================
[1/3] archive_done.py
Нет задач для архивации.

[2/3] push_taskboard.py
  + архив: 18 задач
Mandala: 65 задач
Notion: 65 страниц

  [K-004 | Срочность] Рабочий чат команды
  [K-006 | Срочность] Условия сотрудников
  [K-008 | Срочность] Ссылки на узлы
  [K-013 | Срочность] Исправить время в меню
  [K-018 | Срочность] Таблицы документации
  [K-019 | Срочность] Закупка (аудит)
  [K-021 | Срочность] Разработка инструкций
  [K-023 | Срочность] Валики Нижка
  [K-024 | Срочность] Лампочки Центр
  [K-025 | Срочность] Расписание 2 недели
  [K-027 | Срочность] Расчёт ЗП авто по сменам
  [K-029 | Срочность] Подготовка к зиме: штатка
  [K-031 | Срочность] Дезинсекция — Центр
  [K-033 | Срочность] Касса Нижка: не заряжается
  [K-034 | Срочность] Туалет Нижка: пищит при сливе
  [K-036 | Срочность] Холодильник Нижка: разморозка
  [K-037 | Срочность] Лампочки бар Нижка
  [K-038 | Срочность] Генуборка Нижка (расширенная)
  [K-039 | Срочность] Обучение сезонке + onboarding-чек-листы
  [K-040 | Срочность] Аттестация Юли (с Кристиной)
  [K-041 | Срочность] Аттестация — процесс + график
  [K-043 | Срочность] Поломанные весы
  [K-044 | Срочность] Тест: 3-й человек на смену
  [K-045 | Срочность] Карты и доставка: прокачка точки
  [K-046 | Срочность] График пекаря: сдвиг на час раньше
  [K-057 | Срочность] Зачистить угол окна (вытяжка)
  [K-058 | Срочность] Кондей в зону бариста
  [K-059 | Срочность] Батареи: убрать/убавить
  [K-060 | Срочность] Пандус: доступность
  [K-062 | Срочность] Мусорка на входе: спилить
  [K-063 | Срочность] Колонки: перевесить
  [K-064 | Срочность] Зона посадки Нижка: перекомпоновка
  [K-065 | Срочность] Уличная вывеска Нижка: новая
  [K-066 | Срочность] Цветы: обслуживание
  [K-067 | Срочность] Потолок: лампы + чистка + натяжной
  [K-068 | Срочность] Вентиляция: вытяжка + починить
  [K-069 | Срочность] Зеркало: крепление
  [K-070 | Срочность] Вывеска: «E» отвалилась
  [K-071 | Срочность] Сливной стояк / стена колонны
  [K-072 | Срочность, Ответственный] Увольнение Вероники
  [M-001 | Срочность] Возрождение Нижки
  [M-002 | Срочность] Возрождение Центра
  [K-073 | Срочность, Ответственный] Капинг от Search Coffee (Центр)
  [K-074 | Срочность, Ответственный] Анна: ключи + сигнализация Центра
  [M-003 | Срочность, Ответственный] Оплата кризис-менеджера
  [K-001 | Срочность] Taskboard Notion Куртош
  [K-002 | Срочность] Вопросы к планёрке
  [K-003 | Срочность] Планёрка с командой
  [K-005 | Срочность] Реальная штатка + план + дефицит
  [K-007 | Срочность] Точная дата входа
  [K-009 | Срочность] Важные контакты
  [K-011 | Срочность] День генуборки
  [K-014 | Срочность] Операционка: поломки, экстренные
  [K-015 | Срочность] Анализ сотрудников
  [K-020 | Срочность] Расписание (аудит)
  [K-022 | Срочность] Перехват найма
  [K-026 | Срочность] Таскборд
  [K-028 | Срочность] Сессионные — договорённости
  [K-030 | Срочность] Кассы: сбои (обе точки)
  [K-032 | Срочность] Расчёт Владе (увольнение)
  [K-035 | Срочность] Разговор с командой: условия
  [K-042 | Срочность] Колонка провод посмотреть
  [K-012 | Срочность] Еженедельная планёрка

=== Итог ===
  Обновлено Статус: 0
  Обновлено ID: 0
  Обновлено Столбец: 0
  Обновлено Дедлайн: 0
  Создано новых: 0

[3/3] git commit + push

================================================================
[2026-09-24 21:02:49] runner: full_sync
================================================================
[1/3] archive_done.py
Нет задач для архивации.

[2/3] push_taskboard.py
  + архив: 18 задач
Mandala: 65 задач
Notion: 65 страниц


=== Итог ===
  Обновлено Статус: 0
  Обновлено ID: 0
  Обновлено Столбец: 0
  Обновлено Дедлайн: 0
  Создано новых: 0

[3/3] git commit + push

================================================================
[2026-09-24 21:13:59] runner: full_sync
================================================================
[1/3] archive_done.py
Нет задач для архивации.

[2/3] push_taskboard.py
  + архив: 18 задач
Mandala: 66 задач
Notion: 65 страниц

  [NEW K-075] Kurtoch bundle — единый файл для онбординга (автосборка)

=== Итог ===
  Обновлено Статус: 0
  Обновлено ID: 0
  Обновлено Столбец: 0
  Обновлено Дедлайн: 0
  Создано новых: 1

[3/3] git commit + push

================================================================
[2026-09-25 16:38:17] runner: full_sync
================================================================
[1/3] archive_done.py
Нет задач для архивации.

[2/3] push_taskboard.py
  + архив: 25 задач
Mandala: 69 задач
Notion: 66 страниц

  [K-071 | Столбец] Сливной стояк / стена колонны
  [NEW K-076] База знаний и инструкции (консолидация)
  [NEW K-077] Крис: анализ загруженности + пересмотр оплаты
  [NEW K-078] Контроль больших финансов / все бюджеты
  [K-072 | Статус, Закрыта] Увольнение Вероники
  [K-008 | Статус] Ссылки на узлы
  [K-010 | Статус, Столбец] Чек-листы и карты процессов
  [K-018 | Статус] Таблицы документации
  [K-021 | Статус, Столбец] Разработка инструкций
  [K-039 | Статус, Столбец] Обучение сезонке + onboarding-чек-листы
  [K-041 | Статус, Столбец] Аттестация — процесс + график

=== Итог ===
  Обновлено Статус: 7
  Обновлено ID: 0
  Обновлено Столбец: 5
  Обновлено Дедлайн: 0
  Создано новых: 3

[3/3] git commit + push

================================================================
[2026-09-25 18:10:32] runner: full_sync
================================================================
[1/3] archive_done.py

OK — архивировано: 0
  Активных: 41
  В архиве: 28

[2/3] push_taskboard.py
  + архив: 28 задач
Mandala: 69 задач
Notion: 69 страниц

  [K-062 | Статус, Закрыта] Мусорка на входе: спилить
  [K-006 | Название, Статус, Закрыта, Срочность] Условия сотрудников
  [K-016 | Название, Статус, Закрыта, Столбец] Чистота и качество

=== Итог ===
  Обновлено Статус: 3
  Обновлено ID: 0
  Обновлено Столбец: 1
  Обновлено Дедлайн: 0
  Обновлено Название (префикс): 2
  Создано новых: 0

[3/3] git commit + push

================================================================
[2026-09-28 17:03:48] runner: full_sync
================================================================
[1/3] archive_done.py
  -> архив: K-088 Собеседование Дарья (18, бариста с опытом)

OK — архивировано: 1
  Активных: 49
  В архиве: 31

[2/3] push_taskboard.py
  + архив: 31 задач
Mandala: 80 задач
Notion: 79 страниц

  [NEW K-089] Ежемесячные отчёты (финансы / SMM / персонал)
  [K-088 | Статус, Закрыта] Собеседование Дарья (18, бариста с опытом)

=== Итог ===
  Обновлено Статус: 1
  Обновлено ID: 0
  Обновлено Столбец: 0
  Обновлено Дедлайн: 0
  Обновлено Название (префикс): 0
  Создано новых: 1

[3/3] git commit + push

================================================================
[2026-09-29 17:29:05] runner: full_sync
================================================================
[1/3] archive_done.py
  -> архив: K-025 Расписание 2 недели
  -> архив: K-044 Тест: 3-й человек на смену
  -> архив: K-074 Анна: ключи + сигнализация Центра
  -> архив: K-083 Демонтаж конструкции с ведром/водой в складской зоне (Центр)
  -> архив: K-091 Убрать летние приблуды на склад (Центр)
  -> архив: K-092 Проверить правило скидки для экс-управляющих (50%)

OK — архивировано: 6
  Активных: 48
  В архиве: 37

[2/3] push_taskboard.py
  + архив: 37 задач
Mandala: 85 задач
Notion: 85 страниц

  [K-023 | Описание обновлено] Валики Нижка
  [K-071 | Описание обновлено] Сливной стояк / стена колонны
  [K-076 | Описание обновлено] База знаний и инструкции (консолидация)
  [K-077 | Описание обновлено] Крис: анализ загруженности, оплата + условия отпуска
  [K-025 | Статус, Закрыта] Расписание 2 недели
  [K-044 | Статус, Закрыта] Тест: 3-й человек на смену
  [K-074 | Статус, Закрыта] Анна: ключи + сигнализация Центра
  [K-083 | Статус, Закрыта] Демонтаж конструкции с ведром/водой в складской зоне (Центр)
  [K-091 | Статус, Закрыта] Убрать летние приблуды на склад (Центр)
  [K-092 | Статус, Закрыта] Проверить правило скидки для экс-управляющих (50%)

=== Итог ===
  Обновлено Статус: 6
  Обновлено ID: 0
  Обновлено Столбец: 0
  Обновлено Дедлайн: 0
  Обновлено Название (префикс): 0
  Обновлено Описание: 4
  Создано новых: 0

[3/3] git commit + push

================================================================
[2026-09-29 17:49:00] runner: full_sync
================================================================
[1/3] archive_done.py
  -> архив: K-040 Аттестация Юли (с Кристиной)

OK — архивировано: 1
  Активных: 50
  В архиве: 38

[2/3] push_taskboard.py
  + архив: 38 задач
Mandala: 88 задач
Notion: 85 страниц

  [K-004 | Дедлайн, Срочность] Рабочий чат команды
  [K-024 | Дедлайн, Срочность] Лампочки Центр
  [K-027 | Дедлайн] Расчёт ЗП авто по сменам
  [K-071 | Описание обновлено] Сливной стояк / стена колонны
  [K-076 | Описание обновлено] База знаний и инструкции (консолидация)
  [K-077 | Описание обновлено] Крис: анализ загруженности, оплата + условия отпуска
  ! network error (URLError), retry in 1s...
  [NEW K-096] Отфотографировать цветы в Центре
  [NEW K-097] Отфотографировать цветы на Нишке
  [NEW K-098] Встреча с Витей и Валей
  [K-040 | Статус, Закрыта] Аттестация Юли (с Кристиной)

=== Итог ===
  Обновлено Статус: 1
  Обновлено ID: 0
  Обновлено Столбец: 0
  Обновлено Дедлайн: 3
  Обновлено Название (префикс): 0
  Обновлено Описание: 3
  Создано новых: 3

[3/3] git commit + push

================================================================
[2026-10-02 14:57:59] runner: full_sync
================================================================
[1/3] archive_done.py
  -> архив: K-073 Капинг от Search Coffee (Центр)

OK — архивировано: 1
  Активных: 61
  В архиве: 39

[2/3] push_taskboard.py
  + архив: 39 задач
Mandala: 100 задач
Notion: 99 страниц

  [NEW K-111] Перепечатать меню на Нижке (новое)
  [K-073 | Статус, Закрыта] Капинг от Search Coffee (Центр)

=== Итог ===
  Обновлено Статус: 1
  Обновлено ID: 0
  Обновлено Столбец: 0
  Обновлено Дедлайн: 0
  Обновлено Название (префикс): 0
  Обновлено Описание: 0
  Создано новых: 1

[3/3] git commit + push

================================================================
[2026-10-04 21:38:36] runner: full_sync
================================================================
[1/3] archive_done.py
  -> архив: K-114 Общение с Юлей: решить статус
  -> архив: K-115 Оля: аванс 5000 ₽ вычесть из ЗП

OK — архивировано: 2
  Активных: 66
  В архиве: 41

[2/3] push_taskboard.py
  + архив: 41 задач
Mandala: 107 задач
Notion: 105 страниц

  [K-112 | Дедлайн] Пометить мусорный бак на Нижке
  [K-113 | Дедлайн] Выдать расчёт Саше
  [NEW K-117] Правка расписания: Александра (не выходит на связь) + Денис (сдвиг смен)
  [NEW K-118] Генуборка на Нижке (среда, 16:00–22:00)
  [K-114 | Статус, Закрыта] Общение с Юлей: решить статус
  [K-115 | Статус, Закрыта] Оля: аванс 5000 ₽ вычесть из ЗП

=== Итог ===
  Обновлено Статус: 2
  Обновлено ID: 0
  Обновлено Столбец: 0
  Обновлено Дедлайн: 2
  Обновлено Название (префикс): 0
  Обновлено Описание: 0
  Создано новых: 2

[3/3] git commit + push

================================================================
[2026-10-05 14:34:12] runner: full_sync
================================================================
[1/3] archive_done.py
  -> архив: K-093 Загерметизировать валики в Центре (как на Нишке)
  -> архив: K-094 Переговоры с Виктором и Крис: 3-й сотрудник + уход от бегунк
  -> архив: K-095 Убавить громкость сигнализации в Центре
  -> архив: K-096 Отфотографировать цветы в Центре
  -> архив: K-098 Встреча с Витей и Валей
  -> архив: K-116 Создать тему «Открытие» в рабочей Telegram-группе + забрифов
  -> архив: K-117 Правка расписания: Александра (не выходит на связь) + Денис 

OK — архивировано: 7
  Активных: 61
  В архиве: 48

[2/3] push_taskboard.py
  + архив: 48 задач
Mandala: 109 задач
Notion: 107 страниц

  [K-027 | Дедлайн] Расчёт ЗП авто по сменам
  [K-089 | Дедлайн] Ежемесячные отчёты (финансы / SMM / персонал)
  [K-097 | Дедлайн] Отфотографировать цветы на Нишке
  [K-099 | Дедлайн] Связаться с Екатериной (арендодатель ТЦ) по поводу оплаты
  [NEW K-119] Фильтр-кофе (батч-брю) для сотрудников (в выходной бесплатно)
  [NEW K-120] Возмещение за доставку
  [K-093 | Статус, Закрыта] Загерметизировать валики в Центре (как на Нишке)
  [K-094 | Статус, Закрыта] Переговоры с Виктором и Крис: 3-й сотрудник + уход от бегунков
  [K-095 | Статус, Закрыта] Убавить громкость сигнализации в Центре
  [K-096 | Статус, Закрыта] Отфотографировать цветы в Центре
  [K-098 | Статус, Закрыта] Встреча с Витей и Валей
  [K-116 | Статус, Закрыта] Создать тему «Открытие» в рабочей Telegram-группе + забрифовать команду
  [K-117 | Статус, Закрыта] Правка расписания: Александра (не выходит на связь) + Денис (сдвиг смен)

=== Итог ===
  Обновлено Статус: 7
  Обновлено ID: 0
  Обновлено Столбец: 0
  Обновлено Дедлайн: 4
  Обновлено Название (префикс): 0
  Обновлено Описание: 0
  Создано новых: 2

[3/3] git commit + push

================================================================
[2026-10-05 18:28:12] runner: full_sync
================================================================
[1/3] archive_done.py
  -> архив: K-024 Лампочки Центр
  -> архив: K-109 Встреча с Магомедом по кухне

OK — архивировано: 2
  Активных: 61
  В архиве: 50

[2/3] push_taskboard.py
  + архив: 50 задач
Mandala: 111 задач
Notion: 110 страниц

  [K-108 | Дедлайн] Планёрка по материалам обучения (сбор кусков + полный план)
  [NEW K-122] Починить 1 лампу в Центре
  [K-024 | Статус, Закрыта] Лампочки Центр
  [K-109 | Статус, Закрыта] Встреча с Магомедом по кухне

=== Итог ===
  Обновлено Статус: 2
  Обновлено ID: 0
  Обновлено Столбец: 0
  Обновлено Дедлайн: 1
  Обновлено Название (префикс): 0
  Обновлено Описание: 0
  Создано новых: 1

[3/3] git commit + push
